#0 0 0 0
OK
#0 0 0 0
OK
#0 0 0 0
OK
OK
#L'objet n'existe pas
NO
#L'objet n'existe pas
NO
#L'objet n'existe pas
NO
