#0 0 0 0
OK
#0 0 0 0
OK
#0 0 0 0
OK
#Annulation de CommandeAjouterObjet
OK
#L'objet n'existe pas
NO
OK
YES
#Annulation de CommandeAjouterObjet
OK
#Annulation de CommandeAjouterObjet
OK
#Annulation de CommandeAjouterObjet
OK
ERR
OK
OK
OK
YES
#Annulation de CommandeAjouterObjet
OK
#0 0 0 0
OK
#L'objet n'existe pas
NO
ERR
