#0 0 0 0
OK
#0 0 0 0
OK
#0 0 0 0
OK
OK
OK
#Fichier sauvé
OK
OK
#L'objet n'existe pas
NO
#0 0 0 0
OK
#0 0 0 0
#0 0 0 0
#0 0 0 0
OK
YES
YES
YES
YES
OK
#0 0 0 0
OK
#1 1 1 1
OK
OK
#0 0 0 0
OK
OK
OK
OK
#Fichier sauvé
OK
#0 0 0 0
OK
OK
#0 0 0 0
#1 1 1 1
#0 0 0 0
#0 0 0 0
#0 0 0 0
#1 1 1 1
OK
YES
YES
NO
YES
