#0 0 5 0
OK
YES
OK
NO
YES
YES
OK
OK
YES
NO
YES
OK
OK
YES
YES
YES
NO
#Annulation de CommandeDeplacerObjet
OK
NO
NO
NO
YES
OK
YES
YES
YES
NO
