#0 0 0 0
OK
#1 1 1 1
OK
OK
OK
YES
YES
NO
NO
YES
YES
