#0 0 0 0
OK
YES
#Annulation de CommandeAjouterObjet
OK
#L'objet n'existe pas
NO
OK
YES
