#0 0 0 0
OK
#0 0 0 0
OK
#0 0 0 0
OK
OK
#L'objet n'existe pas
NO
#L'objet n'existe pas
NO
#L'objet n'existe pas
NO
#Annulation de CommandeSupprimerObjet
OK
YES
YES
YES
ERR
OK
#L'objet n'existe pas
NO
YES
YES
