#0 0 1 1
#0 0 1 1
#0 0 1 1
OK
YES
YES
YES
#Annulation de CommandeCharger
#Annulation de CommandeAjouterObjet
#Annulation de CommandeAjouterObjet
#Annulation de CommandeAjouterObjet
OK
#L'objet n'existe pas
NO
#0 0 1 1
#0 0 1 1
#0 0 1 1
OK
YES
