OK
#Annulation de CommandeAjouterObjet
OK
OK
#Le polygone n'est pas convexe
ERR
#Le polygone n'est pas convexe
ERR
OK
OK
#Le polygone n'est pas convexe
ERR
