#0 0 0 0
OK
#0 0 0 0
ERR
#0 0 0 0
OK
ERR
#Commande non reconnue
ERR
#Commande non reconnue
ERR
#Il faut au moins 3 points pour faire un polygone
ERR
#Commande non reconnue
ERR
#0 0 0 0
OK
#Commande non reconnue
ERR
#Commande non reconnue
ERR
#Objet jn'existe pas
ERR
#Commande non reconnue
ERR
#Commande non reconnue
ERR
#Objet jn'existe pas
ERR
#L'objet n'existe pas
NO
#Commande non reconnue
ERR
ERR
YES
#Objet null
OK
#L'objet n'existe pas
NO
#Annulation de CommandeSupprimerObjet
OK
YES
