#0 0 0 0
OK
#1 1 1 1
OK
#2 2 2 2
OK
OK
YES
YES
YES
NO
NO
