#0 0 8 4
OK
YES
NO
YES
NO
YES
NO
#0 0 15 0
OK
YES
YES
YES
YES
YES
NO
#5 5 5 10
OK
YES
YES
YES
YES
NO
NO
#10 10 15 15
OK
YES
YES
YES
NO
NO
